Kï¿½ï¿½bootloader[0m
[0;32mï¿½ets Jul 29 2019 12:21:46

rst:0x1 (POWERON_RESET),boot:0x13 (SPI_FAST_FLASH_BOOT)
configsip: 0, SPIWP:0xee
clk_drv:0x00,q_drv:0x00,d_drv:0x00,cs0_drv:0x00,hd_drv:0x00,wp_drv:0x00
mode:DIO, clock div:2
load:0x3fff0030,len:7176
load:0x40078000,len:15564
ho 0 tail 12 room 4
load:0x40080400,len:4
load:0x40080404,len:3904
entry 0x40080640
[0;32mI (31) boot: ESP-IDF HEAD-HASH-NOTFOUND 2nd stage bootloader[0m
[0;32mI (31) boot: compile time Oct 17 2024 16:36:41[0m
[0;32mI (32) boot: Multicore bootloader[0m
[0;32mI (36) boot: chip revision: v3.1[0m
[0;32mI (40) boot.esp32: SPI Speed      : 40MHz[0m
[0;32mI (45) boot.esp32: SPI Mode       : DIO[0m
[0;32mI (49) boot.esp32: SPI Flash Size : 4MB[0m
[0;32mI (54) boot: Enabling RNG early entropy source...[0m
[0;32mI (59) boot: Partition Table:[0m
[0;32mI (63) boot: ## Label            Usage          Type ST Offset   Length[0m
[0;32mI (70) boot:  0 nvs              WiFi data        01 02 00009000 00006000[0m
[0;32mI (78) boot:  1 phy_init         RF data          01 01 0000f000 00001000[0m
[0;32mI (85) boot:  2 factory          factory app      00 00 00010000 00100000[0m
[0;32mI (93) boot: End of partition table[0m
[0;32mI (97) esp_image: segment 0: paddr=00010020 vaddr=3f400020 size=0a26ch ( 41580) map[0m
[0;32mI (120) esp_image: segment 1: paddr=0001a294 vaddr=3ffb0000 size=02374h (  9076) load[0m
[0;32mI (123) esp_image: segment 2: paddr=0001c610 vaddr=40080000 size=03a08h ( 14856) load[0m
[0;32mI (131) esp_image: segment 3: paddr=00020020 vaddr=400d0020 size=1628ch ( 90764) map[0m
[0;32mI (165) esp_image: segment 4: paddr=000362b4 vaddr=40083a08 size=093d8h ( 37848) load[0m
[0;32mI (187) boot: Loaded app from partition at offset 0x10000[0m
[0;32mI (187) boot: Disabling RNG early entropy source...[0m
[0;32mI (199) cpu_start: Multicore app[0m
[0;32mI (207) cpu_start: Pro cpu start user code[0m
[0;32mI (207) cpu_start: cpu freq: 240000000 Hz[0m
[0;32mI (207) app_init: Application information:[0m
[0;32mI (210) app_init: Project name:     TWAI_MotorControl[0m
[0;32mI (216) app_init: App version:      1[0m
[0;32mI (220) app_init: Compile time:     Oct 17 2024 16:36:34[0m
[0;32mI (226) app_init: ELF file SHA256:  677dcbff9...[0m
[0;32mI (231) app_init: ESP-IDF:          HEAD-HASH-NOTFOUND[0m
[0;32mI (237) efuse_init: Min chip rev:     v0.0[0m
[0;32mI (242) efuse_init: Max chip rev:     v3.99 [0m
[0;32mI (247) efuse_init: Chip rev:         v3.1[0m
[0;32mI (252) heap_init: Initializing. RAM available for dynamic allocation:[0m
[0;32mI (259) heap_init: At 3FFAE6E0 len 00001920 (6 KiB): DRAM[0m
[0;32mI (265) heap_init: At 3FFB2C40 len 0002D3C0 (180 KiB): DRAM[0m
[0;32mI (271) heap_init: At 3FFE0440 len 00003AE0 (14 KiB): D/IRAM[0m
[0;32mI (277) heap_init: At 3FFE4350 len 0001BCB0 (111 KiB): D/IRAM[0m
[0;32mI (284) heap_init: At 4008CDE0 len 00013220 (76 KiB): IRAM[0m
[0;32mI (291) spi_flash: detected chip: generic[0m
[0;32mI (295) spi_flash: flash io: dio[0m
[0;32mI (299) main_task: Started on CPU0[0m
[0;32mI (309) main_task: Calling app_main()[0m
[0;32mI (309) gpio: GPIO[22]| InputEn: 1| OutputEn: 0| OpenDrain: 0| Pullup: 0| Pulldown: 0| Intr:0 [0m
[0;32mI (309) gpio: GPIO[21]| InputEn: 0| OutputEn: 1| OpenDrain: 0| Pullup: 0| Pulldown: 0| Intr:0 [0m
TWAI driver installed
TWAI driver started
Received message from motor: ID = 0x141, Data = Temperature = 0, TorqueCurrent = 300, Speed = 24464, Position = 0.0055
Received message from motor: ID = 0x141, Data = Temperature = 38, TorqueCurrent = 36, Speed = 270, Position = 181.6868
Received message from motor: ID = 0x141, Data = Temperature = 38, TorqueCurrent = 27, Speed = 302, Position = 181.9890
Received message from motor: ID = 0x141, Data = Temperature = 38, TorqueCurrent = 31, Speed = 290, Position = 182.2912
ets Jul 29 2019 12:21:46

rst:0x1 (POWERON_RESET),boot:0x13 (SPI_FAST_FLASH_BOOT)
configsip: 0, SPIWP:0xee
clk_drv:0x00,q_drv:0x00,d_drv:0x00,cs0_drv:0x00,hd_drv:0x00,wp_drv:0x00
mode:DIO, clock div:2
load:0x3fff0030,len:7176
load:0x40078000,len:15564
ho 0 tail 12 room 4
load:0x40080400,len:4
load:0x40080404,len:3904
entry 0x40080640
[0;32mI (31) boot: ESP-IDF HEAD-HASH-NOTFOUND 2nd stage bootloader[0m
[0;32mI (31) boot: compile time Oct 17 2024 16:36:41[0m
[0;32mI (32) boot: Multicore bootloader[0m
[0;32mI (36) boot: chip revision: v3.1[0m
[0;32mI (40) boot.esp32: SPI Speed      : 40MHz[0m
[0;32mI (45) boot.esp32: SPI Mode       : DIO[0m
[0;32mI (49) boot.esp32: SPI Flash Size : 4MB[0m
[0;32mI (54) boot: Enabling RNG early entropy source...[0m
[0;32mI (59) boot: Partition Table:[0m
[0;32mI (63) boot: ## Label            Usage          Type ST Offset   Length[0m
[0;32mI (70) boot:  0 nvs              WiFi data        01 02 00009000 00006000[0m
[0;32mI (78) boot:  1 phy_init         RF data          01 01 0000f000 00001000[0m
[0;32mI (85) boot:  2 factory          factory app      00 00 00010000 00100000[0m
[0;32mI (93) boot: End of partition table[0m
[0;32mI (97) esp_image: segment 0: paddr=00010020 vaddr=3f400020 size=0a26ch ( 41580) map[0m
[0;32mI (120) esp_image: segment 1: paddr=0001a294 vaddr=3ffb0000 size=02374h (  9076) load[0m
[0;32mI (123) esp_image: segment 2: paddr=0001c610 vaddr=40080000 size=03a08h ( 14856) load[0m
[0;32mI (131) esp_image: segment 3: paddr=00020020 vaddr=400d0020 size=1628ch ( 90764) map[0m
[0;32mI (165) esp_image: segment 4: paddr=000362b4 vaddr=40083a08 size=093d8h ( 37848) load[0m
[0;32mI (187) boot: Loaded app from partition at offset 0x10000[0m
[0;32mI (187) boot: Disabling RNG early entropy source...[0m
[0;32mI (199) cpu_start: Multicore app[0m
[0;32mI (207) cpu_start: Pro cpu start user code[0m
[0;32mI (207) cpu_start: cpu freq: 240000000 Hz[0m
[0;32mI (207) app_init: Application information:[0m
[0;32mI (210) app_init: Project name:     TWAI_MotorControl[0m
[0;32mI (216) app_init: App version:      1[0m
[0;32mI (220) app_init: Compile time:     Oct 17 2024 16:36:34[0m
[0;32mI (226) app_init: ELF file SHA256:  677dcbff9...[0m
[0;32mI (231) app_init: ESP-IDF:          HEAD-HASH-NOTFOUND[0m
[0;32mI (237) efuse_init: Min chip rev:     v0.0[0m
[0;32mI (242) efuse_init: Max chip rev:     v3.99 [0m
[0;32mI (247) efuse_init: Chip rev:         v3.1[0m
[0;32mI (252) heap_init: Initializing. RAM available for dynamic allocation:[0m
[0;32mI (259) heap_init: At 3FFAE6E0 len 00001920 (6 KiB): DRAM[0m
[0;32mI (265) heap_init: At 3FFB2C40 len 0002D3C0 (180 KiB): DRAM[0m
[0;32mI (271) heap_init: At 3FFE0440 len 00003AE0 (14 KiB): D/IRAM[0m
[0;32mI (277) heap_init: At 3FFE4350 len 0001BCB0 (111 KiB): D/IRAM[0m
[0;32mI (284) heap_init: At 4008CDE0 len 00013220 (76 KiB): IRAM[0m
[0;32mI (291) spi_flash: detected chip: generic[0m
[0;32mI (295) spi_flash: flash io: dio[0m
[0;32mI (299) main_task: Started on CPU0[0m
[0;32mI (309) main_task: Calling app_main()[0m
[0;32mI (309) gpio: GPIO[22]| InputEn: 1| OutputEn: 0| OpenDrain: 0| Pullup: 0| Pulldown: 0| Intr:0 [0m
[0;32mI (309) gpio: GPIO[21]| InputEn: 0| OutputEn: 1| OpenDrain: 0| Pullup: 0| Pulldown: 0| Intr:0 [0m
TWAI driver installed
TWAI driver started
Received message from motor: ID = 0x141, Data = Temperature = 0, TorqueCurrent = 300, Speed = 24464, Position = 0.0055
Received message from motor: ID = 0x141, Data = Temperature = 38, TorqueCurrent = 25, Speed = 291, Position = 7.2857
Received message from motor: ID = 0x141, Data = Temperature = 38, TorqueCurrent = 20, Speed = 298, Position = 7.5879
Received message from motor: ID = 0x141, Data = Temperature = 38, TorqueCurrent = 6, Speed = 318, Position = 7.9066
Received message from motor: ID = 0x141, Data = Temperature = 38, TorqueCurrent = 9, Speed = 300, Position = 8.2253
Received message from motor: ID = 0x141, Data = Temperature = 38, TorqueCurrent = 35, Speed = 283, Position = 249.0934
Received message from motor: ID = 0x141, Data = Temperature = 38, TorqueCurrent = 33, Speed = 284, Position = 249.1044
Received message from motor: ID = 0x141, Data = Temperature = 38, TorqueCurrent = 21, Speed = 306, Position = 249.3791
Received message from motor: ID = 0x141, Data = Temperature = 38, TorqueCurrent = 8, Speed = 306, Position = 249.7143
Received message from motor: ID = 0x141, Data = Temperature = 38, TorqueCurrent = 19, Speed = 281, Position = 130.5330
Received message from motor: ID = 0x141, Data = Temperature = 38, TorqueCurrent = 37, Speed = 284, Position = 130.5440
Received message from motor: ID = 0x141, Data = Temperature = 38, TorqueCurrent = 33, Speed = 295, Position = 130.8187
ï¿½Kï¿½ï¿½bootloader[0m
[0;32mI (36) boot: chip revision: v3.1[0m
[0;32mI (40) boot.esp32: SPI Speed      : 40MHz[0m
[0;32mI (45) boot.esp32: SPI Mode       : DIO[0m
[0;32mI (49) boot.esp32: SPI Flash Size : 4MB[0m
[0;32mI (54) boot: Enabling RNG early entropy source...[0m
[0;32mI (59) boot: Partition Table:[0m
[0;32mI (63) boot: ## Label            Usage          Type ST Offset   Length[0m
[0;32mI (70) boot:  0 nvs              WiFi data        01 02 00009000 00006000[0m
[0;32mI (78) boot:  1 phy_init         RF data          01 01 0000f000 00001000[0m
[0;32mI (85) boot:  2 factory          factory app      00 00 00010000 00100000[0m
[0;32mI (93) boot: End of partition table[0m
[0;32mI (97) esp_image: segment 0: paddr=00010020 vaddr=3f400020 size=0a26ch ( 41580) map[0m
[0;32mI (120) esp_image: segment 1: paddr=0001a294 vaddr=3ffb0000 size=02374h (  9076) load[0m
[0;32mI (123) esp_image: segment 2: paddr=0001c610 vaddr=40080000 size=03a08h ( 14856) load[0m
[0;32mI (131) esp_image: segment 3: paddr=00020020 vaddr=400d0020 size=1628ch ( 90764) map[0m
[0;32mI (165) esp_image: segment 4: paddr=000362b4 vaddr=40083a08 size=093d8h ( 37848) load[0m
[0;32mI (187) boot: Loaded app from partition at offset 0x10000[0m
[0;32mI (187) boot: Disabling RNG early entropy source...[0m
[0;32mI (199) cpu_start: Multicore app[0m
[0;32mI (207) cpu_start: Pro cpu start user code[0m
[0;32mI (207) cpu_start: cpu freq: 240000000 Hz[0m
[0;32mI (207) app_init: Application information:[0m
[0;32mI (210) app_init: Project name:     TWAI_MotorControl[0m
[0;32mI (216) app_init: App version:      1[0m
[0;32mI (220) app_init: Compile time:     Oct 17 2024 16:36:34[0m
[0;32mI (226) app_init: ELF file SHA256:  677dcbff9...[0m
[0;32mI (231) app_init: ESP-IDF:          HEAD-HASH-NOTFOUND[0m
[0;32mI (237) efuse_init: Min chip rev:     v0.0[0m
[0;32mI (242) efuse_init: Max chip rev:     v3.99 [0m
[0;32mI (247) efuse_init: Chip rev:         v3.1[0m
[0;32mI (252) heap_init: Initializing. RAM available for dynamic allocation:[0m
[0;32mI (259) heap_init: At 3FFAE6E0 len 00001920 (6 KiB): DRAM[0m
[0;32mI (265) heap_init: At 3FFB2C40 len 0002D3C0 (180 KiB): DRAM[0m
[0;32mI (271) heap_init: At 3FFE0440 len 00003AE0 (14 KiB): D/IRAM[0m
[0;32mI (277) heap_init: At 3FFE4350 len 0001BCB0 (111 KiB): D/IRAM[0m
[0;32mI (284) heap_init: At 4008CDE0 len 00013220 (76 KiB): IRAM[0m
[0;32mI (291) spi_flash: detected chip: generic[0m
[0;32mI (295) spi_flash: flash io: dio[0m
[0;32mI (299) main_task: Started on CPU0[0m
[0;32mI (309) main_task: Calling app_main()[0m
[0;32mI (309) gpio: GPIO[22]| InputEn: 1| OutputEn: 0| OpenDrain: 0| Pullup: 0| Pulldown: 0| Intr:0 [0m
[0;32mI (309) gpio: GPIO[21]| InputEn: 0| OutputEn: 1| OpenDrain: 0| Pullup: 0| Pulldown: 0| Intr:0 [0m
TWAI driver installed
TWAI driver started
Received message from motor: ID = 0x141, Data = Temperature = 0, TorqueCurrent = 300, Speed = 24464, Position = 0.0055
Received message from motor: ID = 0x141, Data = Temperature = 38, TorqueCurrent = 8, Speed = 0, Position = 0.0879
Received message from motor: ID = 0x141, Data = Temperature = 38, TorqueCurrent = 8, Speed = 0, Position = 0.0879
Received message from motor: ID = 0x141, Data = Temperature = 38, TorqueCurrent = 8, Speed = 0, Position = 0.0879
Received message from motor: ID = 0x141, Data = Temperature = 38, TorqueCurrent = 8, Speed = 0, Position = 0.0879
Received message from motor: ID = 0x141, Data = Temperature = 38, TorqueCurrent = 8, Speed = 1257, Position = 11.3901
Received message from motor: ID = 0x141, Data = Temperature = 38, TorqueCurrent = 8, Speed = 1255, Position = 11.4396
Received message from motor: ID = 0x141, Data = Temperature = 38, TorqueCurrent = 8, Speed = 1233, Position = 12.5934
Received message from motor: ID = 0x141, Data = Temperature = 38, TorqueCurrent = 8, Speed = 1176, Position = 13.8626
Received message from motor: ID = 0x141, Data = Temperature = 38, TorqueCurrent = 8, Speed = 0, Position = 2.7692
Received message from motor: ID = 0x141, Data = Temperature = 38, TorqueCurrent = 8, Speed = 0, Position = 2.7692
Received message from motor: ID = 0x141, Data = Temperature = 38, TorqueCurrent = 8, Speed = 0, Position = 2.7692
